// Jest Snapshot v1, https://goo.gl/fbAQLP

exports[`Grid should work 1`] = `
.emotion-0 {
  margin-right: auto;
  margin-left: auto;
}

@media only screen and (min-width:48em) {
  .emotion-0 {
    width: 46rem;
  }
}

@media only screen and (min-width:64em) {
  .emotion-0 {
    width: 61rem;
  }
}

@media only screen and (min-width:75em) {
  .emotion-0 {
    width: 76rem;
  }
}

<div
  className="emotion-0 emotion-1"
/>
`;
